// Jest Snapshot v1, https://goo.gl/fbAQLP

exports[`<CommentBoxForm /> should be possible to activate button with click 1`] = `ReactWrapper {}`;
